#
# There is insufficient memory for the Java Runtime Environment to continue.
# Native memory allocation (malloc) failed to allocate 1072016 bytes. Error detail: Chunk::new
# Possible reasons:
#   The system is out of physical RAM or swap space
#   This process is running with CompressedOops enabled, and the Java Heap may be blocking the growth of the native heap
# Possible solutions:
#   Reduce memory load on the system
#   Increase physical memory or swap space
#   Check if swap backing store is full
#   Decrease Java heap size (-Xmx/-Xms)
#   Decrease number of Java threads
#   Decrease Java thread stack sizes (-Xss)
#   Set larger code cache with -XX:ReservedCodeCacheSize=
#   JVM is running with Unscaled Compressed Oops mode in which the Java heap is
#     placed in the first 4GB address space. The Java Heap base address is the
#     maximum limit for the native heap growth. Please use -XX:HeapBaseMinAddress
#     to set the Java Heap base and to place the Java Heap above 4GB virtual address.
# This output file may be truncated or incomplete.
#
#  Out of Memory Error (arena.cpp:168), pid=16100, tid=18448
#
# JRE version: OpenJDK Runtime Environment Temurin-21.0.10+7 (21.0.10+7) (build 21.0.10+7-LTS)
# Java VM: OpenJDK 64-Bit Server VM Temurin-21.0.10+7 (21.0.10+7-LTS, mixed mode, sharing, tiered, compressed oops, compressed class ptrs, parallel gc, windows-amd64)
# No core dump will be written. Minidumps are not enabled by default on client versions of Windows
#

---------------  S U M M A R Y ------------

Command Line: --add-modules=ALL-SYSTEM --add-opens=java.base/java.util=ALL-UNNAMED --add-opens=java.base/java.lang=ALL-UNNAMED --add-opens=java.base/sun.nio.fs=ALL-UNNAMED -Declipse.application=org.eclipse.jdt.ls.core.id1 -Dosgi.bundles.defaultStartLevel=4 -Declipse.product=org.eclipse.jdt.ls.core.product -Djava.import.generatesMetadataFilesAtProjectRoot=false -DDetectVMInstallationsJob.disabled=true -Dfile.encoding=utf8 -XX:+UseParallelGC -XX:GCTimeRatio=4 -XX:AdaptiveSizePolicyWeight=90 -Dsun.zip.disableMemoryMapping=true -Xmx2G -Xms100m -Xlog:disable -javaagent:c:\Users\passb\.vscode\extensions\redhat.java-1.54.0-win32-x64\lombok\lombok-1.18.39-4050.jar -XX:+HeapDumpOnOutOfMemoryError -XX:HeapDumpPath=c:\Users\passb\AppData\Roaming\Code\User\workspaceStorage\3b1f52613bf0c0d02e4d85f071ae11aa\redhat.java -Daether.dependencyCollector.impl=bf c:\Users\passb\.vscode\extensions\redhat.java-1.54.0-win32-x64\server\plugins\org.eclipse.equinox.launcher_1.7.100.v20251111-0406.jar -configuration c:\Users\passb\AppData\Roaming\Code\User\globalStorage\redhat.java\1.54.0\config_win -data c:\Users\passb\AppData\Roaming\Code\User\workspaceStorage\3b1f52613bf0c0d02e4d85f071ae11aa\redhat.java\jdt_ws --pipe=\\.\pipe\lsp-70b6dd4b4524fd7006d093e8492538aa-sock

Host: 13th Gen Intel(R) Core(TM) i5-1335U, 12 cores, 7G,  Windows 11 , 64 bit Build 26100 (10.0.26100.7019)
Time: Mon Jun 15 02:53:09 2026 Sri Lanka Standard Time elapsed time: 85.129244 seconds (0d 0h 1m 25s)

---------------  T H R E A D  ---------------

Current thread (0x0000028bd6771690):  JavaThread "C2 CompilerThread1" daemon [_thread_in_native, id=18448, stack(0x00000090ca000000,0x00000090ca100000) (1024K)]


Current CompileTask:
C2:85129 7925   !   4       org.eclipse.osgi.internal.loader.BundleLoader::findRequiredSource (283 bytes)

Stack: [0x00000090ca000000,0x00000090ca100000]
Native frames: (J=compiled Java code, j=interpreted, Vv=VM code, C=native code)
V  [jvm.dll+0x6d7a39]
V  [jvm.dll+0x8b4b26]
V  [jvm.dll+0x8b70de]
V  [jvm.dll+0x8b77c3]
V  [jvm.dll+0x284346]
V  [jvm.dll+0xc66ed]
V  [jvm.dll+0xc6c31]
V  [jvm.dll+0x2fb29e]
V  [jvm.dll+0x5fe884]
V  [jvm.dll+0x255b17]
V  [jvm.dll+0x255edd]
V  [jvm.dll+0x24e500]
V  [jvm.dll+0x24ba42]
V  [jvm.dll+0x1cb34e]
V  [jvm.dll+0x25b85d]
V  [jvm.dll+0x259dea]
V  [jvm.dll+0x3f857e]
V  [jvm.dll+0x85f59d]
V  [jvm.dll+0x6d626d]
C  [ucrtbase.dll+0x37b0]
C  [KERNEL32.DLL+0x2e8d7]
C  [ntdll.dll+0x8c53c]


---------------  P R O C E S S  ---------------

Threads class SMR info:
_java_thread_list=0x0000028bd1a53cf0, length=50, elements={
0x0000028bf576fbb0, 0x0000028bf5815400, 0x0000028bfee2daf0, 0x0000028bf58182f0,
0x0000028bf5818f80, 0x0000028bf581d530, 0x0000028bf5822870, 0x0000028bd0351f90,
0x0000028bd03541e0, 0x0000028bd0543980, 0x0000028bd0692290, 0x0000028bd631e9f0,
0x0000028bd03fbeb0, 0x0000028bd03fdf80, 0x0000028bd03fd260, 0x0000028bd03fb820,
0x0000028bd03fc540, 0x0000028bd03fe610, 0x0000028bd03fd8f0, 0x0000028bd03fb190,
0x0000028bd03fcbd0, 0x0000028bd757e210, 0x0000028bd757fc50, 0x0000028bd757e8a0,
0x0000028bd757ef30, 0x0000028bd7581690, 0x0000028bd75802e0, 0x0000028bd757f5c0,
0x0000028bd7580970, 0x0000028bd7581000, 0x0000028bd83816c0, 0x0000028bd8381030,
0x0000028bd837ef60, 0x0000028bd837f5f0, 0x0000028bd837fc80, 0x0000028bd8380310,
0x0000028bd83809a0, 0x0000028bd8381d50, 0x0000028bd837e8d0, 0x0000028bd83844b0,
0x0000028bd83851d0, 0x0000028bd8384b40, 0x0000028bdad6da20, 0x0000028bdad6faf0,
0x0000028bdad6e0b0, 0x0000028bdad6bfe0, 0x0000028bdad6e740, 0x0000028bdad6edd0,
0x0000028bdad6c670, 0x0000028bd6771690
}

Java Threads: ( => current thread )
  0x0000028bf576fbb0 JavaThread "main"                              [_thread_blocked, id=4332, stack(0x00000090c6200000,0x00000090c6300000) (1024K)]
  0x0000028bf5815400 JavaThread "Reference Handler"          daemon [_thread_blocked, id=18864, stack(0x00000090c6600000,0x00000090c6700000) (1024K)]
  0x0000028bfee2daf0 JavaThread "Finalizer"                  daemon [_thread_blocked, id=11524, stack(0x00000090c6700000,0x00000090c6800000) (1024K)]
  0x0000028bf58182f0 JavaThread "Signal Dispatcher"          daemon [_thread_blocked, id=16288, stack(0x00000090c6800000,0x00000090c6900000) (1024K)]
  0x0000028bf5818f80 JavaThread "Attach Listener"            daemon [_thread_blocked, id=20060, stack(0x00000090c6900000,0x00000090c6a00000) (1024K)]
  0x0000028bf581d530 JavaThread "Service Thread"             daemon [_thread_blocked, id=9920, stack(0x00000090c6a00000,0x00000090c6b00000) (1024K)]
  0x0000028bf5822870 JavaThread "Monitor Deflation Thread"   daemon [_thread_blocked, id=13016, stack(0x00000090c6b00000,0x00000090c6c00000) (1024K)]
  0x0000028bd0351f90 JavaThread "C2 CompilerThread0"         daemon [_thread_blocked, id=13536, stack(0x00000090c6c00000,0x00000090c6d00000) (1024K)]
  0x0000028bd03541e0 JavaThread "C1 CompilerThread0"         daemon [_thread_blocked, id=15820, stack(0x00000090c6d00000,0x00000090c6e00000) (1024K)]
  0x0000028bd0543980 JavaThread "Common-Cleaner"             daemon [_thread_blocked, id=2808, stack(0x00000090c6f00000,0x00000090c7000000) (1024K)]
  0x0000028bd0692290 JavaThread "Notification Thread"        daemon [_thread_blocked, id=11676, stack(0x00000090c7000000,0x00000090c7100000) (1024K)]
  0x0000028bd631e9f0 JavaThread "Active Thread: Equinox Container: 3aa9687f-8651-4587-a58c-1d88ad52559e"        [_thread_blocked, id=9740, stack(0x00000090c7e00000,0x00000090c7f00000) (1024K)]
  0x0000028bd03fbeb0 JavaThread "Framework Event Dispatcher: Equinox Container: 3aa9687f-8651-4587-a58c-1d88ad52559e" daemon [_thread_blocked, id=20872, stack(0x00000090c6e00000,0x00000090c6f00000) (1024K)]
  0x0000028bd03fdf80 JavaThread "Start Level: Equinox Container: 3aa9687f-8651-4587-a58c-1d88ad52559e" daemon [_thread_blocked, id=20644, stack(0x00000090c7100000,0x00000090c7200000) (1024K)]
  0x0000028bd03fd260 JavaThread "Bundle File Closer"         daemon [_thread_blocked, id=21416, stack(0x00000090c7a00000,0x00000090c7b00000) (1024K)]
  0x0000028bd03fb820 JavaThread "Refresh Thread: Equinox Container: 3aa9687f-8651-4587-a58c-1d88ad52559e" daemon [_thread_blocked, id=17236, stack(0x00000090c7b00000,0x00000090c7c00000) (1024K)]
  0x0000028bd03fc540 JavaThread "SCR Component Actor"        daemon [_thread_blocked, id=20904, stack(0x00000090c7c00000,0x00000090c7d00000) (1024K)]
  0x0000028bd03fe610 JavaThread "Worker-JM"                         [_thread_blocked, id=12964, stack(0x00000090c7d00000,0x00000090c7e00000) (1024K)]
  0x0000028bd03fd8f0 JavaThread "Worker-0"                          [_thread_blocked, id=20976, stack(0x00000090c7f00000,0x00000090c8000000) (1024K)]
  0x0000028bd03fb190 JavaThread "Worker-1: Initialize Workspace"        [_thread_blocked, id=20924, stack(0x00000090c8000000,0x00000090c8100000) (1024K)]
  0x0000028bd03fcbd0 JavaThread "Java indexing"              daemon [_thread_blocked, id=19672, stack(0x00000090c8200000,0x00000090c8300000) (1024K)]
  0x0000028bd757e210 JavaThread "JNA Cleaner"                daemon [_thread_blocked, id=20756, stack(0x00000090c5f00000,0x00000090c6000000) (1024K)]
  0x0000028bd757fc50 JavaThread "Worker-2"                          [_thread_blocked, id=20916, stack(0x00000090c8500000,0x00000090c8600000) (1024K)]
  0x0000028bd757e8a0 JavaThread "Worker-3"                          [_thread_blocked, id=20972, stack(0x00000090c8600000,0x00000090c8700000) (1024K)]
  0x0000028bd757ef30 JavaThread "Worker-4"                          [_thread_blocked, id=20920, stack(0x00000090c8700000,0x00000090c8800000) (1024K)]
  0x0000028bd7581690 JavaThread "Worker-5"                          [_thread_blocked, id=4344, stack(0x00000090c8800000,0x00000090c8900000) (1024K)]
  0x0000028bd75802e0 JavaThread "Thread-1"                   daemon [_thread_in_native, id=20980, stack(0x00000090c8c00000,0x00000090c8d00000) (1024K)]
  0x0000028bd757f5c0 JavaThread "Thread-2"                   daemon [_thread_in_native, id=13096, stack(0x00000090c8d00000,0x00000090c8e00000) (1024K)]
  0x0000028bd7580970 JavaThread "Thread-3"                   daemon [_thread_in_native, id=15048, stack(0x00000090c8e00000,0x00000090c8f00000) (1024K)]
  0x0000028bd7581000 JavaThread "Thread-4"                   daemon [_thread_in_native, id=19096, stack(0x00000090c8f00000,0x00000090c9000000) (1024K)]
  0x0000028bd83816c0 JavaThread "Thread-5"                   daemon [_thread_in_native, id=15688, stack(0x00000090c9000000,0x00000090c9100000) (1024K)]
  0x0000028bd8381030 JavaThread "Thread-6"                   daemon [_thread_in_native, id=16516, stack(0x00000090c9100000,0x00000090c9200000) (1024K)]
  0x0000028bd837ef60 JavaThread "Thread-7"                   daemon [_thread_in_native, id=11844, stack(0x00000090c9200000,0x00000090c9300000) (1024K)]
  0x0000028bd837f5f0 JavaThread "Thread-8"                   daemon [_thread_in_native, id=14692, stack(0x00000090c9300000,0x00000090c9400000) (1024K)]
  0x0000028bd837fc80 JavaThread "Thread-9"                   daemon [_thread_in_native, id=16984, stack(0x00000090c9400000,0x00000090c9500000) (1024K)]
  0x0000028bd8380310 JavaThread "Thread-10"                  daemon [_thread_in_native, id=2824, stack(0x00000090c9500000,0x00000090c9600000) (1024K)]
  0x0000028bd83809a0 JavaThread "Thread-11"                  daemon [_thread_in_native, id=17712, stack(0x00000090c9600000,0x00000090c9700000) (1024K)]
  0x0000028bd8381d50 JavaThread "Thread-12"                  daemon [_thread_in_native, id=12456, stack(0x00000090c9700000,0x00000090c9800000) (1024K)]
  0x0000028bd837e8d0 JavaThread "Thread-13"                  daemon [_thread_in_native, id=17532, stack(0x00000090c9800000,0x00000090c9900000) (1024K)]
  0x0000028bd83844b0 JavaThread "pool-2-thread-1"                   [_thread_blocked, id=16292, stack(0x00000090c9900000,0x00000090c9a00000) (1024K)]
  0x0000028bd83851d0 JavaThread "WorkspaceEventsHandler"            [_thread_blocked, id=4032, stack(0x00000090c9a00000,0x00000090c9b00000) (1024K)]
  0x0000028bd8384b40 JavaThread "pool-1-thread-1"                   [_thread_blocked, id=3184, stack(0x00000090c9b00000,0x00000090c9c00000) (1024K)]
  0x0000028bdad6da20 JavaThread "ProjectImportProgressReporter" daemon [_thread_blocked, id=13980, stack(0x00000090caa00000,0x00000090cab00000) (1024K)]
  0x0000028bdad6faf0 JavaThread "Timer-0"                           [_thread_blocked, id=8992, stack(0x00000090cab00000,0x00000090cac00000) (1024K)]
  0x0000028bdad6e0b0 JavaThread "Timer-1"                           [_thread_blocked, id=18512, stack(0x00000090c7900000,0x00000090c7a00000) (1024K)]
  0x0000028bdad6bfe0 JavaThread "Timer-2"                           [_thread_blocked, id=2620, stack(0x00000090c8100000,0x00000090c8200000) (1024K)]
  0x0000028bdad6e740 JavaThread "Timer-3"                           [_thread_blocked, id=19184, stack(0x00000090c9d00000,0x00000090c9e00000) (1024K)]
  0x0000028bdad6edd0 JavaThread "Timer-4"                           [_thread_blocked, id=16272, stack(0x00000090c9e00000,0x00000090c9f00000) (1024K)]
  0x0000028bdad6c670 JavaThread "Connection worker"                 [_thread_in_vm, id=13796, stack(0x00000090c9f00000,0x00000090ca000000) (1024K)]
=>0x0000028bd6771690 JavaThread "C2 CompilerThread1"         daemon [_thread_in_native, id=18448, stack(0x00000090ca000000,0x00000090ca100000) (1024K)]
Total: 50

Other Threads:
  0x0000028bf5810c20 VMThread "VM Thread"                           [id=15088, stack(0x00000090c6500000,0x00000090c6600000) (1024K)]
  0x0000028bfed0ca00 WatcherThread "VM Periodic Task Thread"        [id=13320, stack(0x00000090c6400000,0x00000090c6500000) (1024K)]
  0x0000028bf578f0b0 WorkerThread "GC Thread#0"                     [id=17820, stack(0x00000090c6300000,0x00000090c6400000) (1024K)]
  0x0000028bd1ab7920 WorkerThread "GC Thread#1"                     [id=13512, stack(0x00000090c7200000,0x00000090c7300000) (1024K)]
  0x0000028bd17d9900 WorkerThread "GC Thread#2"                     [id=3048, stack(0x00000090c7300000,0x00000090c7400000) (1024K)]
  0x0000028bd17d9cb0 WorkerThread "GC Thread#3"                     [id=16084, stack(0x00000090c7400000,0x00000090c7500000) (1024K)]
  0x0000028bd17da060 WorkerThread "GC Thread#4"                     [id=8928, stack(0x00000090c7500000,0x00000090c7600000) (1024K)]
  0x0000028bd1979af0 WorkerThread "GC Thread#5"                     [id=6552, stack(0x00000090c7600000,0x00000090c7700000) (1024K)]
  0x0000028bd1979ea0 WorkerThread "GC Thread#6"                     [id=19024, stack(0x00000090c7700000,0x00000090c7800000) (1024K)]
  0x0000028bd03ff560 WorkerThread "GC Thread#7"                     [id=1448, stack(0x00000090c7800000,0x00000090c7900000) (1024K)]
  0x0000028bd6dd0300 WorkerThread "GC Thread#8"                     [id=12460, stack(0x00000090c8a00000,0x00000090c8b00000) (1024K)]
  0x0000028bd6dd0e10 WorkerThread "GC Thread#9"                     [id=744, stack(0x00000090c8b00000,0x00000090c8c00000) (1024K)]
Total: 12

Threads with active compile tasks:
C2 CompilerThread1  85176 7925   !   4       org.eclipse.osgi.internal.loader.BundleLoader::findRequiredSource (283 bytes)
Total: 1

VM state: not at safepoint (normal execution)

VM Mutex/Monitor currently owned by a thread: None

Heap address: 0x0000000080000000, size: 2048 MB, Compressed Oops mode: 32-bit

CDS archive(s) mapped at: [0x0000028b8f000000-0x0000028b8fba0000-0x0000028b8fba0000), size 12189696, SharedBaseAddress: 0x0000028b8f000000, ArchiveRelocationMode: 1.
Compressed class space mapped at: 0x0000028b90000000-0x0000028bd0000000, reserved size: 1073741824
Narrow klass base: 0x0000028b8f000000, Narrow klass shift: 0, Narrow klass range: 0x100000000

GC Precious Log:
 CardTable entry size: 512
 CPUs: 12 total, 12 available
 Memory: 7895M
 Large Page Support: Disabled
 NUMA Support: Disabled
 Compressed Oops: Enabled (32-bit)
 Alignments: Space 512K, Generation 512K, Heap 2M
 Heap Min Capacity: 100M
 Heap Initial Capacity: 100M
 Heap Max Capacity: 2G
 Pre-touch: Disabled
 Parallel Workers: 10

Heap:
 PSYoungGen      total 19968K, used 1793K [0x00000000d5580000, 0x00000000d6f80000, 0x0000000100000000)
  eden space 18944K, 4% used [0x00000000d5580000,0x00000000d565fcb8,0x00000000d6800000)
  from space 1024K, 87% used [0x00000000d6e00000,0x00000000d6ee0818,0x00000000d6f00000)
  to   space 512K, 0% used [0x00000000d6f00000,0x00000000d6f00000,0x00000000d6f80000)
 ParOldGen       total 68608K, used 40920K [0x0000000080000000, 0x0000000084300000, 0x00000000d5580000)
  object space 68608K, 59% used [0x0000000080000000,0x00000000827f60c0,0x0000000084300000)
 Metaspace       used 60326K, committed 61632K, reserved 1114112K
  class space    used 7181K, committed 7744K, reserved 1048576K

Card table byte_map: [0x0000028bfa170000,0x0000028bfa580000] _byte_map_base: 0x0000028bf9d70000

Marking Bits: (ParMarkBitMap*) 0x00007ffc02893450
 Begin Bits: [0x0000028bfa830000, 0x0000028bfc830000)
 End Bits:   [0x0000028bfc830000, 0x0000028bfe830000)

Polling page: 0x0000028bf5150000

Metaspace:

Usage:
  Non-class:     51.90 MB used.
      Class:      7.01 MB used.
       Both:     58.91 MB used.

Virtual space:
  Non-class space:       64.00 MB reserved,      52.62 MB ( 82%) committed,  1 nodes.
      Class space:        1.00 GB reserved,       7.56 MB ( <1%) committed,  1 nodes.
             Both:        1.06 GB reserved,      60.19 MB (  6%) committed. 

Chunk freelists:
   Non-Class:  10.91 MB
       Class:  8.44 MB
        Both:  19.34 MB

MaxMetaspaceSize: unlimited
CompressedClassSpaceSize: 1.00 GB
Initial GC threshold: 21.00 MB
Current GC threshold: 97.31 MB
CDS: on
 - commit_granule_bytes: 65536.
 - commit_granule_words: 8192.
 - virtual_space_node_default_size: 8388608.
 - enlarge_chunks_in_place: 1.
 - use_allocation_guard: 0.


Internal statistics:

num_allocs_failed_limit: 9.
num_arena_births: 970.
num_arena_deaths: 26.
num_vsnodes_births: 2.
num_vsnodes_deaths: 0.
num_space_committed: 963.
num_space_uncommitted: 0.
num_chunks_returned_to_freelist: 39.
num_chunks_taken_from_freelist: 3402.
num_chunk_merges: 11.
num_chunk_splits: 2182.
num_chunks_enlarged: 1390.
num_inconsistent_stats: 0.

CodeHeap 'non-profiled nmethods': size=120000Kb used=4424Kb max_used=4424Kb free=115575Kb
 bounds [0x0000028b87ad0000, 0x0000028b87f30000, 0x0000028b8f000000]
CodeHeap 'profiled nmethods': size=120000Kb used=14221Kb max_used=14433Kb free=105778Kb
 bounds [0x0000028b80000000, 0x0000028b80e20000, 0x0000028b87530000]
CodeHeap 'non-nmethods': size=5760Kb used=1410Kb max_used=1469Kb free=4349Kb
 bounds [0x0000028b87530000, 0x0000028b877a0000, 0x0000028b87ad0000]
CodeCache: size=245760Kb, used=20055Kb, max_used=20326Kb, free=225702Kb
 total_blobs=7815, nmethods=7103, adapters=618, full_count=0
Compilation: enabled, stopped_count=0, restarted_count=0

Compilation events (20 events):
Event: 84.964 Thread 0x0000028bd03541e0 nmethod 7943 0x0000028b808d9a90 code [0x0000028b808d9c60, 0x0000028b808da000]
Event: 84.970 Thread 0x0000028bd03541e0 7944       3       org.eclipse.osgi.storage.bundlefile.BundleFile::createResourceURL (47 bytes)
Event: 84.971 Thread 0x0000028bd03541e0 nmethod 7944 0x0000028b804f3d90 code [0x0000028b804f3f80, 0x0000028b804f4400]
Event: 84.974 Thread 0x0000028bd03541e0 7945       3       java.net.URI::equal (19 bytes)
Event: 84.975 Thread 0x0000028bd03541e0 nmethod 7945 0x0000028b804f3990 code [0x0000028b804f3b40, 0x0000028b804f3cb0]
Event: 84.975 Thread 0x0000028bd03541e0 7946       3       java.net.URI::percentNormalizedComparison (215 bytes)
Event: 84.979 Thread 0x0000028bd03541e0 nmethod 7946 0x0000028b8033b510 code [0x0000028b8033ba00, 0x0000028b8033e1f0]
Event: 85.004 Thread 0x0000028bd0351f90 nmethod 7942 0x0000028b87f1ec10 code [0x0000028b87f1ef60, 0x0000028b87f201d0]
Event: 85.042 Thread 0x0000028bd03541e0 7947   !   3       org.eclipse.osgi.internal.loader.BundleLoader::findResource (438 bytes)
Event: 85.048 Thread 0x0000028bd03541e0 nmethod 7947 0x0000028b80233390 code [0x0000028b80233be0, 0x0000028b80238168]
Event: 85.077 Thread 0x0000028bd0351f90 7948   !   4       org.eclipse.core.internal.jobs.JobListeners::waitAndSendEvents (445 bytes)
Event: 85.081 Thread 0x0000028bd03541e0 7949       3       org.eclipse.osgi.internal.loader.ModuleClassLoader::getResource (121 bytes)
Event: 85.083 Thread 0x0000028bd03541e0 nmethod 7949 0x0000028b805bde90 code [0x0000028b805be2e0, 0x0000028b805bfe48]
Event: 85.083 Thread 0x0000028bd03541e0 7950       3       org.objectweb.asm.ClassReader::<init> (359 bytes)
Event: 85.084 Thread 0x0000028bd03541e0 nmethod 7950 0x0000028b80356410 code [0x0000028b80356700, 0x0000028b803578c0]
Event: 85.100 Thread 0x0000028bd03541e0 7951       3       com.google.common.math.IntMath::saturatedMultiply (9 bytes)
Event: 85.101 Thread 0x0000028bd03541e0 nmethod 7951 0x0000028b80232f10 code [0x0000028b802330c0, 0x0000028b802332e0]
Event: 85.101 Thread 0x0000028bd03541e0 7952       3       com.google.common.primitives.Ints::saturatedCast (25 bytes)
Event: 85.101 Thread 0x0000028bd03541e0 nmethod 7952 0x0000028b808d9690 code [0x0000028b808d9840, 0x0000028b808d9a00]
Event: 85.123 Thread 0x0000028bd0351f90 nmethod 7948 0x0000028b87f21090 code [0x0000028b87f213a0, 0x0000028b87f225e8]

GC Heap History (20 events):
Event: 33.230 GC heap before
{Heap before GC invocations=26 (full 2):
 PSYoungGen      total 20480K, used 20096K [0x00000000d5580000, 0x00000000d6e00000, 0x0000000100000000)
  eden space 18944K, 100% used [0x00000000d5580000,0x00000000d6800000,0x00000000d6800000)
  from space 1536K, 75% used [0x00000000d6800000,0x00000000d6920000,0x00000000d6980000)
  to   space 2560K, 0% used [0x00000000d6b80000,0x00000000d6b80000,0x00000000d6e00000)
 ParOldGen       total 68608K, used 27484K [0x0000000080000000, 0x0000000084300000, 0x00000000d5580000)
  object space 68608K, 40% used [0x0000000080000000,0x0000000081ad72b8,0x0000000084300000)
 Metaspace       used 51840K, committed 52992K, reserved 1114112K
  class space    used 5770K, committed 6272K, reserved 1048576K
}
Event: 33.232 GC heap after
{Heap after GC invocations=26 (full 2):
 PSYoungGen      total 19456K, used 448K [0x00000000d5580000, 0x00000000d6c00000, 0x0000000100000000)
  eden space 18944K, 0% used [0x00000000d5580000,0x00000000d5580000,0x00000000d6800000)
  from space 512K, 87% used [0x00000000d6b80000,0x00000000d6bf0000,0x00000000d6c00000)
  to   space 1024K, 0% used [0x00000000d6a00000,0x00000000d6a00000,0x00000000d6b00000)
 ParOldGen       total 68608K, used 28475K [0x0000000080000000, 0x0000000084300000, 0x00000000d5580000)
  object space 68608K, 41% used [0x0000000080000000,0x0000000081bcef98,0x0000000084300000)
 Metaspace       used 51840K, committed 52992K, reserved 1114112K
  class space    used 5770K, committed 6272K, reserved 1048576K
}
Event: 59.804 GC heap before
{Heap before GC invocations=27 (full 2):
 PSYoungGen      total 19456K, used 19392K [0x00000000d5580000, 0x00000000d6c00000, 0x0000000100000000)
  eden space 18944K, 100% used [0x00000000d5580000,0x00000000d6800000,0x00000000d6800000)
  from space 512K, 87% used [0x00000000d6b80000,0x00000000d6bf0000,0x00000000d6c00000)
  to   space 1024K, 0% used [0x00000000d6a00000,0x00000000d6a00000,0x00000000d6b00000)
 ParOldGen       total 68608K, used 28475K [0x0000000080000000, 0x0000000084300000, 0x00000000d5580000)
  object space 68608K, 41% used [0x0000000080000000,0x0000000081bcef98,0x0000000084300000)
 Metaspace       used 52608K, committed 53760K, reserved 1114112K
  class space    used 5893K, committed 6400K, reserved 1048576K
}
Event: 59.809 GC heap after
{Heap after GC invocations=27 (full 2):
 PSYoungGen      total 19968K, used 1014K [0x00000000d5580000, 0x00000000d7c00000, 0x0000000100000000)
  eden space 18944K, 0% used [0x00000000d5580000,0x00000000d5580000,0x00000000d6800000)
  from space 1024K, 99% used [0x00000000d6a00000,0x00000000d6afd968,0x00000000d6b00000)
  to   space 10240K, 0% used [0x00000000d7200000,0x00000000d7200000,0x00000000d7c00000)
 ParOldGen       total 68608K, used 36132K [0x0000000080000000, 0x0000000084300000, 0x00000000d5580000)
  object space 68608K, 52% used [0x0000000080000000,0x0000000082349218,0x0000000084300000)
 Metaspace       used 52608K, committed 53760K, reserved 1114112K
  class space    used 5893K, committed 6400K, reserved 1048576K
}
Event: 60.285 GC heap before
{Heap before GC invocations=28 (full 2):
 PSYoungGen      total 19968K, used 19958K [0x00000000d5580000, 0x00000000d7c00000, 0x0000000100000000)
  eden space 18944K, 100% used [0x00000000d5580000,0x00000000d6800000,0x00000000d6800000)
  from space 1024K, 99% used [0x00000000d6a00000,0x00000000d6afd968,0x00000000d6b00000)
  to   space 10240K, 0% used [0x00000000d7200000,0x00000000d7200000,0x00000000d7c00000)
 ParOldGen       total 68608K, used 36132K [0x0000000080000000, 0x0000000084300000, 0x00000000d5580000)
  object space 68608K, 52% used [0x0000000080000000,0x0000000082349218,0x0000000084300000)
 Metaspace       used 54247K, committed 55424K, reserved 1114112K
  class space    used 6192K, committed 6720K, reserved 1048576K
}
Event: 60.288 GC heap after
{Heap after GC invocations=28 (full 2):
 PSYoungGen      total 19968K, used 864K [0x00000000d5580000, 0x00000000d7300000, 0x0000000100000000)
  eden space 18944K, 0% used [0x00000000d5580000,0x00000000d5580000,0x00000000d6800000)
  from space 1024K, 84% used [0x00000000d7200000,0x00000000d72d8000,0x00000000d7300000)
  to   space 4096K, 0% used [0x00000000d6b00000,0x00000000d6b00000,0x00000000d6f00000)
 ParOldGen       total 68608K, used 37150K [0x0000000080000000, 0x0000000084300000, 0x00000000d5580000)
  object space 68608K, 54% used [0x0000000080000000,0x0000000082447840,0x0000000084300000)
 Metaspace       used 54247K, committed 55424K, reserved 1114112K
  class space    used 6192K, committed 6720K, reserved 1048576K
}
Event: 60.562 GC heap before
{Heap before GC invocations=29 (full 2):
 PSYoungGen      total 19968K, used 19808K [0x00000000d5580000, 0x00000000d7300000, 0x0000000100000000)
  eden space 18944K, 100% used [0x00000000d5580000,0x00000000d6800000,0x00000000d6800000)
  from space 1024K, 84% used [0x00000000d7200000,0x00000000d72d8000,0x00000000d7300000)
  to   space 4096K, 0% used [0x00000000d6b00000,0x00000000d6b00000,0x00000000d6f00000)
 ParOldGen       total 68608K, used 37150K [0x0000000080000000, 0x0000000084300000, 0x00000000d5580000)
  object space 68608K, 54% used [0x0000000080000000,0x0000000082447840,0x0000000084300000)
 Metaspace       used 54847K, committed 56000K, reserved 1114112K
  class space    used 6274K, committed 6784K, reserved 1048576K
}
Event: 60.565 GC heap after
{Heap after GC invocations=29 (full 2):
 PSYoungGen      total 23040K, used 576K [0x00000000d5580000, 0x00000000d7280000, 0x0000000100000000)
  eden space 18944K, 0% used [0x00000000d5580000,0x00000000d5580000,0x00000000d6800000)
  from space 4096K, 14% used [0x00000000d6b00000,0x00000000d6b90000,0x00000000d6f00000)
  to   space 1536K, 0% used [0x00000000d7100000,0x00000000d7100000,0x00000000d7280000)
 ParOldGen       total 68608K, used 37854K [0x0000000080000000, 0x0000000084300000, 0x00000000d5580000)
  object space 68608K, 55% used [0x0000000080000000,0x00000000824f7850,0x0000000084300000)
 Metaspace       used 54847K, committed 56000K, reserved 1114112K
  class space    used 6274K, committed 6784K, reserved 1048576K
}
Event: 64.484 GC heap before
{Heap before GC invocations=30 (full 2):
 PSYoungGen      total 23040K, used 19520K [0x00000000d5580000, 0x00000000d7280000, 0x0000000100000000)
  eden space 18944K, 100% used [0x00000000d5580000,0x00000000d6800000,0x00000000d6800000)
  from space 4096K, 14% used [0x00000000d6b00000,0x00000000d6b90000,0x00000000d6f00000)
  to   space 1536K, 0% used [0x00000000d7100000,0x00000000d7100000,0x00000000d7280000)
 ParOldGen       total 68608K, used 37854K [0x0000000080000000, 0x0000000084300000, 0x00000000d5580000)
  object space 68608K, 55% used [0x0000000080000000,0x00000000824f7850,0x0000000084300000)
 Metaspace       used 54873K, committed 56064K, reserved 1114112K
  class space    used 6274K, committed 6784K, reserved 1048576K
}
Event: 64.486 GC heap after
{Heap after GC invocations=30 (full 2):
 PSYoungGen      total 19968K, used 640K [0x00000000d5580000, 0x00000000d7200000, 0x0000000100000000)
  eden space 18944K, 0% used [0x00000000d5580000,0x00000000d5580000,0x00000000d6800000)
  from space 1024K, 62% used [0x00000000d7100000,0x00000000d71a0000,0x00000000d7200000)
  to   space 1024K, 0% used [0x00000000d7000000,0x00000000d7000000,0x00000000d7100000)
 ParOldGen       total 68608K, used 38253K [0x0000000080000000, 0x0000000084300000, 0x00000000d5580000)
  object space 68608K, 55% used [0x0000000080000000,0x000000008255b508,0x0000000084300000)
 Metaspace       used 54873K, committed 56064K, reserved 1114112K
  class space    used 6274K, committed 6784K, reserved 1048576K
}
Event: 75.800 GC heap before
{Heap before GC invocations=31 (full 2):
 PSYoungGen      total 19968K, used 19584K [0x00000000d5580000, 0x00000000d7200000, 0x0000000100000000)
  eden space 18944K, 100% used [0x00000000d5580000,0x00000000d6800000,0x00000000d6800000)
  from space 1024K, 62% used [0x00000000d7100000,0x00000000d71a0000,0x00000000d7200000)
  to   space 1024K, 0% used [0x00000000d7000000,0x00000000d7000000,0x00000000d7100000)
 ParOldGen       total 68608K, used 38253K [0x0000000080000000, 0x0000000084300000, 0x00000000d5580000)
  object space 68608K, 55% used [0x0000000080000000,0x000000008255b508,0x0000000084300000)
 Metaspace       used 54875K, committed 56064K, reserved 1114112K
  class space    used 6274K, committed 6784K, reserved 1048576K
}
Event: 75.802 GC heap after
{Heap after GC invocations=31 (full 2):
 PSYoungGen      total 19968K, used 672K [0x00000000d5580000, 0x00000000d7180000, 0x0000000100000000)
  eden space 18944K, 0% used [0x00000000d5580000,0x00000000d5580000,0x00000000d6800000)
  from space 1024K, 65% used [0x00000000d7000000,0x00000000d70a8000,0x00000000d7100000)
  to   space 512K, 0% used [0x00000000d7100000,0x00000000d7100000,0x00000000d7180000)
 ParOldGen       total 68608K, used 38709K [0x0000000080000000, 0x0000000084300000, 0x00000000d5580000)
  object space 68608K, 56% used [0x0000000080000000,0x00000000825cd508,0x0000000084300000)
 Metaspace       used 54875K, committed 56064K, reserved 1114112K
  class space    used 6274K, committed 6784K, reserved 1048576K
}
Event: 83.064 GC heap before
{Heap before GC invocations=32 (full 2):
 PSYoungGen      total 19968K, used 19616K [0x00000000d5580000, 0x00000000d7180000, 0x0000000100000000)
  eden space 18944K, 100% used [0x00000000d5580000,0x00000000d6800000,0x00000000d6800000)
  from space 1024K, 65% used [0x00000000d7000000,0x00000000d70a8000,0x00000000d7100000)
  to   space 512K, 0% used [0x00000000d7100000,0x00000000d7100000,0x00000000d7180000)
 ParOldGen       total 68608K, used 38709K [0x0000000080000000, 0x0000000084300000, 0x00000000d5580000)
  object space 68608K, 56% used [0x0000000080000000,0x00000000825cd508,0x0000000084300000)
 Metaspace       used 55067K, committed 56256K, reserved 1114112K
  class space    used 6316K, committed 6848K, reserved 1048576K
}
Event: 83.068 GC heap after
{Heap after GC invocations=32 (full 2):
 PSYoungGen      total 19456K, used 498K [0x00000000d5580000, 0x00000000d7300000, 0x0000000100000000)
  eden space 18944K, 0% used [0x00000000d5580000,0x00000000d5580000,0x00000000d6800000)
  from space 512K, 97% used [0x00000000d7100000,0x00000000d717c800,0x00000000d7180000)
  to   space 5632K, 0% used [0x00000000d6800000,0x00000000d6800000,0x00000000d6d80000)
 ParOldGen       total 68608K, used 42708K [0x0000000080000000, 0x0000000084300000, 0x00000000d5580000)
  object space 68608K, 62% used [0x0000000080000000,0x00000000829b51e0,0x0000000084300000)
 Metaspace       used 55067K, committed 56256K, reserved 1114112K
  class space    used 6316K, committed 6848K, reserved 1048576K
}
Event: 83.664 GC heap before
{Heap before GC invocations=33 (full 2):
 PSYoungGen      total 19456K, used 19442K [0x00000000d5580000, 0x00000000d7300000, 0x0000000100000000)
  eden space 18944K, 100% used [0x00000000d5580000,0x00000000d6800000,0x00000000d6800000)
  from space 512K, 97% used [0x00000000d7100000,0x00000000d717c800,0x00000000d7180000)
  to   space 5632K, 0% used [0x00000000d6800000,0x00000000d6800000,0x00000000d6d80000)
 ParOldGen       total 68608K, used 42708K [0x0000000080000000, 0x0000000084300000, 0x00000000d5580000)
  object space 68608K, 62% used [0x0000000080000000,0x00000000829b51e0,0x0000000084300000)
 Metaspace       used 56868K, committed 58112K, reserved 1114112K
  class space    used 6626K, committed 7168K, reserved 1048576K
}
Event: 83.668 GC heap after
{Heap after GC invocations=33 (full 2):
 PSYoungGen      total 24576K, used 928K [0x00000000d5580000, 0x00000000d7180000, 0x0000000100000000)
  eden space 18944K, 0% used [0x00000000d5580000,0x00000000d5580000,0x00000000d6800000)
  from space 5632K, 16% used [0x00000000d6800000,0x00000000d68e8020,0x00000000d6d80000)
  to   space 2560K, 0% used [0x00000000d6f00000,0x00000000d6f00000,0x00000000d7180000)
 ParOldGen       total 68608K, used 43231K [0x0000000080000000, 0x0000000084300000, 0x00000000d5580000)
  object space 68608K, 63% used [0x0000000080000000,0x0000000082a37e10,0x0000000084300000)
 Metaspace       used 56868K, committed 58112K, reserved 1114112K
  class space    used 6626K, committed 7168K, reserved 1048576K
}
Event: 83.983 GC heap before
{Heap before GC invocations=34 (full 2):
 PSYoungGen      total 24576K, used 17542K [0x00000000d5580000, 0x00000000d7180000, 0x0000000100000000)
  eden space 18944K, 87% used [0x00000000d5580000,0x00000000d65b9980,0x00000000d6800000)
  from space 5632K, 16% used [0x00000000d6800000,0x00000000d68e8020,0x00000000d6d80000)
  to   space 2560K, 0% used [0x00000000d6f00000,0x00000000d6f00000,0x00000000d7180000)
 ParOldGen       total 68608K, used 43231K [0x0000000080000000, 0x0000000084300000, 0x00000000d5580000)
  object space 68608K, 63% used [0x0000000080000000,0x0000000082a37e10,0x0000000084300000)
 Metaspace       used 58576K, committed 59776K, reserved 1114112K
  class space    used 6933K, committed 7488K, reserved 1048576K
}
Event: 83.986 GC heap after
{Heap after GC invocations=34 (full 2):
 PSYoungGen      total 19968K, used 656K [0x00000000d5580000, 0x00000000d7000000, 0x0000000100000000)
  eden space 18944K, 0% used [0x00000000d5580000,0x00000000d5580000,0x00000000d6800000)
  from space 1024K, 64% used [0x00000000d6f00000,0x00000000d6fa4010,0x00000000d7000000)
  to   space 1024K, 0% used [0x00000000d6e00000,0x00000000d6e00000,0x00000000d6f00000)
 ParOldGen       total 68608K, used 44023K [0x0000000080000000, 0x0000000084300000, 0x00000000d5580000)
  object space 68608K, 64% used [0x0000000080000000,0x0000000082afde30,0x0000000084300000)
 Metaspace       used 58576K, committed 59776K, reserved 1114112K
  class space    used 6933K, committed 7488K, reserved 1048576K
}
Event: 83.986 GC heap before
{Heap before GC invocations=35 (full 3):
 PSYoungGen      total 19968K, used 656K [0x00000000d5580000, 0x00000000d7000000, 0x0000000100000000)
  eden space 18944K, 0% used [0x00000000d5580000,0x00000000d5580000,0x00000000d6800000)
  from space 1024K, 64% used [0x00000000d6f00000,0x00000000d6fa4010,0x00000000d7000000)
  to   space 1024K, 0% used [0x00000000d6e00000,0x00000000d6e00000,0x00000000d6f00000)
 ParOldGen       total 68608K, used 44023K [0x0000000080000000, 0x0000000084300000, 0x00000000d5580000)
  object space 68608K, 64% used [0x0000000080000000,0x0000000082afde30,0x0000000084300000)
 Metaspace       used 58576K, committed 59776K, reserved 1114112K
  class space    used 6933K, committed 7488K, reserved 1048576K
}
Event: 84.080 GC heap after
{Heap after GC invocations=35 (full 3):
 PSYoungGen      total 19968K, used 0K [0x00000000d5580000, 0x00000000d7000000, 0x0000000100000000)
  eden space 18944K, 0% used [0x00000000d5580000,0x00000000d5580000,0x00000000d6800000)
  from space 1024K, 0% used [0x00000000d6f00000,0x00000000d6f00000,0x00000000d7000000)
  to   space 1024K, 0% used [0x00000000d6e00000,0x00000000d6e00000,0x00000000d6f00000)
 ParOldGen       total 68608K, used 40912K [0x0000000080000000, 0x0000000084300000, 0x00000000d5580000)
  object space 68608K, 59% used [0x0000000080000000,0x00000000827f40c0,0x0000000084300000)
 Metaspace       used 58576K, committed 59776K, reserved 1114112K
  class space    used 6933K, committed 7488K, reserved 1048576K
}

Dll operation events (15 events):
Event: 0.014 Loaded shared library c:\Users\passb\.vscode\extensions\redhat.java-1.54.0-win32-x64\jre\21.0.10-win32-x86_64\bin\java.dll
Event: 0.096 Loaded shared library c:\Users\passb\.vscode\extensions\redhat.java-1.54.0-win32-x64\jre\21.0.10-win32-x86_64\bin\zip.dll
Event: 0.119 Loaded shared library C:\Users\passb\.vscode\extensions\redhat.java-1.54.0-win32-x64\jre\21.0.10-win32-x86_64\bin\instrument.dll
Event: 0.125 Loaded shared library C:\Users\passb\.vscode\extensions\redhat.java-1.54.0-win32-x64\jre\21.0.10-win32-x86_64\bin\net.dll
Event: 0.128 Loaded shared library C:\Users\passb\.vscode\extensions\redhat.java-1.54.0-win32-x64\jre\21.0.10-win32-x86_64\bin\nio.dll
Event: 0.132 Loaded shared library C:\Users\passb\.vscode\extensions\redhat.java-1.54.0-win32-x64\jre\21.0.10-win32-x86_64\bin\zip.dll
Event: 0.160 Loaded shared library C:\Users\passb\.vscode\extensions\redhat.java-1.54.0-win32-x64\jre\21.0.10-win32-x86_64\bin\jimage.dll
Event: 0.251 Loaded shared library c:\Users\passb\.vscode\extensions\redhat.java-1.54.0-win32-x64\jre\21.0.10-win32-x86_64\bin\verify.dll
Event: 15.844 Loaded shared library C:\Users\passb\AppData\Roaming\Code\User\globalStorage\redhat.java\1.54.0\config_win\org.eclipse.equinox.launcher\org.eclipse.equinox.launcher.win32.win32.x86_64_1.3.0.v20260203-2149\eclipse_11919.dll
Event: 28.494 Loaded shared library C:\Users\passb\.vscode\extensions\redhat.java-1.54.0-win32-x64\jre\21.0.10-win32-x86_64\bin\management.dll
Event: 28.496 Loaded shared library C:\Users\passb\.vscode\extensions\redhat.java-1.54.0-win32-x64\jre\21.0.10-win32-x86_64\bin\management_ext.dll
Event: 30.010 Loaded shared library C:\Users\passb\AppData\Local\Temp\jna-106438257\jna2551553483292190330.dll
Event: 30.191 Loaded shared library C:\Users\passb\.vscode\extensions\redhat.java-1.54.0-win32-x64\jre\21.0.10-win32-x86_64\bin\sunmscapi.dll
Event: 30.681 Loaded shared library C:\Users\passb\.vscode\extensions\redhat.java-1.54.0-win32-x64\jre\21.0.10-win32-x86_64\bin\extnet.dll
Event: 60.097 Loaded shared library C:\Users\passb\.gradle\native\660c5614fbf4a5f2a75b1949f50a0caf5cd603558e7d8a26e50b933a0cfb79d1\windows-amd64\native-platform.dll

Deoptimization events (20 events):
Event: 84.693 Thread 0x0000028bd03fb190 Uncommon trap: trap_request=0xffffff45 fr.pc=0x0000028b87be7e04 relative=0x0000000000000324
Event: 84.693 Thread 0x0000028bd03fb190 Uncommon trap: reason=unstable_if action=reinterpret pc=0x0000028b87be7e04 method=java.lang.ThreadLocal$ThreadLocalMap.set(Ljava/lang/ThreadLocal;Ljava/lang/Object;)V @ 116 c2
Event: 84.693 Thread 0x0000028bd03fb190 DEOPT PACKING pc=0x0000028b87be7e04 sp=0x00000090c80fd930
Event: 84.693 Thread 0x0000028bd03fb190 DEOPT UNPACKING pc=0x0000028b87583aa2 sp=0x00000090c80fd8d0 mode 2
Event: 84.706 Thread 0x0000028bdad6c670 Uncommon trap: trap_request=0xffffffbe fr.pc=0x0000028b87be2408 relative=0x00000000000002a8
Event: 84.706 Thread 0x0000028bdad6c670 Uncommon trap: reason=profile_predicate action=maybe_recompile pc=0x0000028b87be2408 method=java.util.regex.Pattern$BnM.optimize(Ljava/util/regex/Pattern$Node;)Ljava/util/regex/Pattern$Node; @ 67 c2
Event: 84.706 Thread 0x0000028bdad6c670 DEOPT PACKING pc=0x0000028b87be2408 sp=0x00000090c9ffe9e0
Event: 84.706 Thread 0x0000028bdad6c670 DEOPT UNPACKING pc=0x0000028b87583aa2 sp=0x00000090c9ffe968 mode 2
Event: 84.706 Thread 0x0000028bdad6c670 Uncommon trap: trap_request=0xffffffbe fr.pc=0x0000028b87be2408 relative=0x00000000000002a8
Event: 84.706 Thread 0x0000028bdad6c670 Uncommon trap: reason=profile_predicate action=maybe_recompile pc=0x0000028b87be2408 method=java.util.regex.Pattern$BnM.optimize(Ljava/util/regex/Pattern$Node;)Ljava/util/regex/Pattern$Node; @ 67 c2
Event: 84.706 Thread 0x0000028bdad6c670 DEOPT PACKING pc=0x0000028b87be2408 sp=0x00000090c9ffe9e0
Event: 84.706 Thread 0x0000028bdad6c670 DEOPT UNPACKING pc=0x0000028b87583aa2 sp=0x00000090c9ffe968 mode 2
Event: 84.706 Thread 0x0000028bdad6c670 Uncommon trap: trap_request=0xffffffbe fr.pc=0x0000028b87be2408 relative=0x00000000000002a8
Event: 84.706 Thread 0x0000028bdad6c670 Uncommon trap: reason=profile_predicate action=maybe_recompile pc=0x0000028b87be2408 method=java.util.regex.Pattern$BnM.optimize(Ljava/util/regex/Pattern$Node;)Ljava/util/regex/Pattern$Node; @ 67 c2
Event: 84.706 Thread 0x0000028bdad6c670 DEOPT PACKING pc=0x0000028b87be2408 sp=0x00000090c9ffe9e0
Event: 84.706 Thread 0x0000028bdad6c670 DEOPT UNPACKING pc=0x0000028b87583aa2 sp=0x00000090c9ffe968 mode 2
Event: 84.706 Thread 0x0000028bdad6c670 Uncommon trap: trap_request=0xffffffbe fr.pc=0x0000028b87be2408 relative=0x00000000000002a8
Event: 84.706 Thread 0x0000028bdad6c670 Uncommon trap: reason=profile_predicate action=maybe_recompile pc=0x0000028b87be2408 method=java.util.regex.Pattern$BnM.optimize(Ljava/util/regex/Pattern$Node;)Ljava/util/regex/Pattern$Node; @ 67 c2
Event: 84.706 Thread 0x0000028bdad6c670 DEOPT PACKING pc=0x0000028b87be2408 sp=0x00000090c9ffe9e0
Event: 84.706 Thread 0x0000028bdad6c670 DEOPT UNPACKING pc=0x0000028b87583aa2 sp=0x00000090c9ffe968 mode 2

Classes loaded (20 events):
Event: 84.772 Loading class jdk/internal/reflect/Label
Event: 84.772 Loading class jdk/internal/reflect/Label done
Event: 84.772 Loading class jdk/internal/reflect/Label$PatchInfo
Event: 84.773 Loading class jdk/internal/reflect/Label$PatchInfo done
Event: 84.773 Loading class jdk/internal/reflect/MethodAccessorGenerator$1
Event: 84.773 Loading class jdk/internal/reflect/MethodAccessorGenerator$1 done
Event: 84.773 Loading class jdk/internal/reflect/ClassDefiner
Event: 84.773 Loading class jdk/internal/reflect/ClassDefiner done
Event: 84.773 Loading class jdk/internal/reflect/ClassDefiner$1
Event: 84.773 Loading class jdk/internal/reflect/ClassDefiner$1 done
Event: 84.774 Loading class jdk/internal/reflect/SerializationConstructorAccessorImpl
Event: 84.774 Loading class jdk/internal/reflect/SerializationConstructorAccessorImpl done
Event: 84.775 Loading class java/io/ClassCache$CacheRef
Event: 84.776 Loading class java/io/ClassCache$CacheRef done
Event: 84.776 Loading class java/io/ObjectStreamClass$FieldReflectorKey
Event: 84.776 Loading class java/io/ObjectStreamClass$FieldReflectorKey done
Event: 84.776 Loading class java/io/ObjectStreamClass$FieldReflector
Event: 84.776 Loading class java/io/ObjectStreamClass$FieldReflector done
Event: 84.814 Loading class java/io/ObjectStreamClass$ClassDataSlot
Event: 84.814 Loading class java/io/ObjectStreamClass$ClassDataSlot done

Classes unloaded (13 events):
Event: 29.163 Thread 0x0000028bf5810c20 Unloading class 0x0000028b901b8800 'java/lang/invoke/LambdaForm$MH+0x0000028b901b8800'
Event: 29.163 Thread 0x0000028bf5810c20 Unloading class 0x0000028b901b8400 'java/lang/invoke/LambdaForm$MH+0x0000028b901b8400'
Event: 29.163 Thread 0x0000028bf5810c20 Unloading class 0x0000028b901b8000 'java/lang/invoke/LambdaForm$MH+0x0000028b901b8000'
Event: 29.163 Thread 0x0000028bf5810c20 Unloading class 0x0000028b901b7c00 'java/lang/invoke/LambdaForm$MH+0x0000028b901b7c00'
Event: 29.163 Thread 0x0000028bf5810c20 Unloading class 0x0000028b901b7800 'java/lang/invoke/LambdaForm$BMH+0x0000028b901b7800'
Event: 29.163 Thread 0x0000028bf5810c20 Unloading class 0x0000028b901b7400 'java/lang/invoke/LambdaForm$DMH+0x0000028b901b7400'
Event: 29.163 Thread 0x0000028bf5810c20 Unloading class 0x0000028b901b6000 'java/lang/invoke/LambdaForm$DMH+0x0000028b901b6000'
Event: 30.452 Thread 0x0000028bf5810c20 Unloading class 0x0000028b9032e800 'java/lang/invoke/LambdaForm$MH+0x0000028b9032e800'
Event: 30.452 Thread 0x0000028bf5810c20 Unloading class 0x0000028b9032e000 'java/lang/invoke/LambdaForm$MH+0x0000028b9032e000'
Event: 30.452 Thread 0x0000028bf5810c20 Unloading class 0x0000028b9032d400 'java/lang/invoke/LambdaForm$MH+0x0000028b9032d400'
Event: 30.452 Thread 0x0000028bf5810c20 Unloading class 0x0000028b9032c400 'java/lang/invoke/LambdaForm$MH+0x0000028b9032c400'
Event: 30.452 Thread 0x0000028bf5810c20 Unloading class 0x0000028b9032c000 'java/lang/invoke/LambdaForm$DMH+0x0000028b9032c000'
Event: 30.452 Thread 0x0000028bf5810c20 Unloading class 0x0000028b9032b400 'java/lang/invoke/LambdaForm$MH+0x0000028b9032b400'

Classes redefined (0 events):
No events

Internal exceptions (20 events):
Event: 32.912 Thread 0x0000028bd03fb190 Exception <a 'sun/nio/fs/WindowsException'{0x00000000d5cf4900}> (0x00000000d5cf4900) 
thrown [s\src\hotspot\share\prims\jni.cpp, line 520]
Event: 32.912 Thread 0x0000028bd03fb190 Exception <a 'sun/nio/fs/WindowsException'{0x00000000d5cf4ec0}> (0x00000000d5cf4ec0) 
thrown [s\src\hotspot\share\prims\jni.cpp, line 520]
Event: 33.172 Thread 0x0000028bd03fb190 Exception <a 'java/lang/NoSuchMethodError'{0x00000000d63d0360}: 'java.lang.Object java.lang.invoke.DirectMethodHandle$Holder.invokeVirtual(java.lang.Object, java.lang.Object, java.lang.Object, java.lang.Object)'> (0x00000000d63d0360) 
thrown [s\src\hotspot\share\interpreter\linkResolver.cpp, line 773]
Event: 33.175 Thread 0x0000028bd03fb190 Exception <a 'java/lang/NoSuchMethodError'{0x00000000d63f3640}: 'java.lang.Object java.lang.invoke.DirectMethodHandle$Holder.invokeVirtual(java.lang.Object, java.lang.Object, java.lang.Object, java.lang.Object, java.lang.Object)'> (0x00000000d63f3640) 
thrown [s\src\hotspot\share\interpreter\linkResolver.cpp, line 773]
Event: 83.380 Thread 0x0000028bdad6cd00 Exception <a 'java/lang/NoSuchMethodError'{0x00000000d5f6c440}: 'java.lang.Object java.lang.invoke.DirectMethodHandle$Holder.invokeVirtual(java.lang.Object, java.lang.Object, java.lang.Object, java.lang.Object, java.lang.Object, java.lang.Object)'> (0x00000000d5f6c440) 
thrown [s\src\hotspot\share\interpreter\linkResolver.cpp, line 773]
Event: 83.518 Thread 0x0000028bdad6cd00 Exception <a 'java/lang/NoSuchMethodError'{0x00000000d6424b18}: 'java.lang.Object java.lang.invoke.DirectMethodHandle$Holder.invokeVirtual(java.lang.Object, java.lang.Object, java.lang.Object, java.lang.Object, java.lang.Object, java.lang.Object, java.lang.Object)'> (0x00000000d6424b18) 
thrown [s\src\hotspot\share\interpreter\linkResolver.cpp, line 773]
Event: 83.695 Thread 0x0000028bdad6cd00 Exception <a 'java/lang/NoSuchMethodError'{0x00000000d5690750}: 'java.lang.Object java.lang.invoke.DirectMethodHandle$Holder.invokeVirtual(java.lang.Object, java.lang.Object, java.lang.Object, java.lang.Object, java.lang.Object, java.lang.Object, java.lang.Object, java.lang.Object)'> (0x00000000d5690750) 
thrown [s\src\hotspot\share\interpreter\linkResolver.cpp, line 773]
Event: 83.756 Thread 0x0000028bdad6cd00 Exception <a 'java/lang/NoSuchMethodError'{0x00000000d5a10618}: 'java.lang.Object java.lang.invoke.DirectMethodHandle$Holder.invokeVirtual(java.lang.Object, java.lang.Object, java.lang.Object, java.lang.Object, java.lang.Object, java.lang.Object, java.lang.Object, java.lang.Object, java.lang.Object, java.lang.Object, java.lang.Object, java.lang.Object)'> (0x00000000d5a10618) 
thrown [s\src\hotspot\share\interpreter\linkResolver.cpp, line 773]
Event: 83.762 Thread 0x0000028bdad6cd00 Exception <a 'java/lang/NoSuchMethodError'{0x00000000d5a5e638}: 'java.lang.Object java.lang.invoke.DirectMethodHandle$Holder.invokeStatic(java.lang.Object, java.lang.Object, java.lang.Object, java.lang.Object, java.lang.Object, java.lang.Object, java.lang.Object, java.lang.Object, java.lang.Object, java.lang.Object, java.lang.Object, java.lang.Object, java.lang.Object)'> (0x00000000d5a5e638) 
thrown [s\src\hotspot\share\interpreter\linkResolver.cpp, line 773]
Event: 83.764 Thread 0x0000028bdad6cd00 Exception <a 'java/lang/NoSuchMethodError'{0x00000000d5a81958}: 'java.lang.Object java.lang.invoke.DirectMethodHandle$Holder.invokeStatic(java.lang.Object, java.lang.Object, java.lang.Object, java.lang.Object, java.lang.Object, java.lang.Object, java.lang.Object, java.lang.Object, java.lang.Object, java.lang.Object, java.lang.Object, java.lang.Object, java.lang.Object, java.lang.Object)'> (0x00000000d5a81958) 
thrown [s\src\hotspot\share\interpreter\linkResolver.cpp, line 773]
Event: 84.167 Thread 0x0000028bd03fb190 Exception <a 'java/lang/NoSuchMethodError'{0x00000000d58c98b0}: 'java.lang.Object java.lang.invoke.DirectMethodHandle$Holder.invokeStaticInit(java.lang.Object, int)'> (0x00000000d58c98b0) 
thrown [s\src\hotspot\share\interpreter\linkResolver.cpp, line 773]
Event: 84.172 Thread 0x0000028bd03fb190 Exception <a 'sun/nio/fs/WindowsException'{0x00000000d58fec88}> (0x00000000d58fec88) 
thrown [s\src\hotspot\share\prims\jni.cpp, line 520]
Event: 84.207 Thread 0x0000028bd03fb190 Exception <a 'sun/nio/fs/WindowsException'{0x00000000d59f26b8}> (0x00000000d59f26b8) 
thrown [s\src\hotspot\share\prims\jni.cpp, line 520]
Event: 84.224 Thread 0x0000028bd03fb190 Exception <a 'sun/nio/fs/WindowsException'{0x00000000d5a24030}> (0x00000000d5a24030) 
thrown [s\src\hotspot\share\prims\jni.cpp, line 520]
Event: 84.228 Thread 0x0000028bd03fb190 Exception <a 'sun/nio/fs/WindowsException'{0x00000000d5a29e98}> (0x00000000d5a29e98) 
thrown [s\src\hotspot\share\prims\jni.cpp, line 520]
Event: 84.504 Thread 0x0000028bd03fb190 Exception <a 'sun/nio/fs/WindowsException'{0x00000000d5b959f0}> (0x00000000d5b959f0) 
thrown [s\src\hotspot\share\prims\jni.cpp, line 520]
Event: 84.518 Thread 0x0000028bd03fb190 Exception <a 'java/io/FileNotFoundException'{0x00000000d5c09ca0}> (0x00000000d5c09ca0) 
thrown [s\src\hotspot\share\prims\jni.cpp, line 520]
Event: 84.519 Thread 0x0000028bd03fb190 Exception <a 'java/io/FileNotFoundException'{0x00000000d5c0b1a0}> (0x00000000d5c0b1a0) 
thrown [s\src\hotspot\share\prims\jni.cpp, line 520]
Event: 84.519 Thread 0x0000028bd03fb190 Exception <a 'java/io/FileNotFoundException'{0x00000000d5c0c1a8}> (0x00000000d5c0c1a8) 
thrown [s\src\hotspot\share\prims\jni.cpp, line 520]
Event: 84.634 Thread 0x0000028bd03fb190 Exception <a 'sun/nio/fs/WindowsException'{0x00000000d5d3dab8}> (0x00000000d5d3dab8) 
thrown [s\src\hotspot\share\prims\jni.cpp, line 520]

ZGC Phase Switch (0 events):
No events

VM Operations (20 events):
Event: 75.800 Executing safepoint VM operation: ParallelGCFailedAllocation (Allocation Failure)
Event: 75.802 Executing safepoint VM operation: ParallelGCFailedAllocation (Allocation Failure) done
Event: 77.808 Executing safepoint VM operation: Cleanup
Event: 77.808 Executing safepoint VM operation: Cleanup done
Event: 78.815 Executing safepoint VM operation: Cleanup
Event: 78.815 Executing safepoint VM operation: Cleanup done
Event: 79.821 Executing safepoint VM operation: Cleanup
Event: 79.821 Executing safepoint VM operation: Cleanup done
Event: 83.064 Executing safepoint VM operation: ParallelGCFailedAllocation (Allocation Failure)
Event: 83.068 Executing safepoint VM operation: ParallelGCFailedAllocation (Allocation Failure) done
Event: 83.345 Executing non-safepoint VM operation: HandshakeAllThreads (Deoptimize)
Event: 83.345 Executing non-safepoint VM operation: HandshakeAllThreads (Deoptimize) done
Event: 83.664 Executing safepoint VM operation: ParallelGCFailedAllocation (Allocation Failure)
Event: 83.668 Executing safepoint VM operation: ParallelGCFailedAllocation (Allocation Failure) done
Event: 83.982 Executing safepoint VM operation: CollectForMetadataAllocation (Metadata GC Threshold)
Event: 84.080 Executing safepoint VM operation: CollectForMetadataAllocation (Metadata GC Threshold) done
Event: 84.114 Executing non-safepoint VM operation: HandshakeAllThreads (Deoptimize)
Event: 84.114 Executing non-safepoint VM operation: HandshakeAllThreads (Deoptimize) done
Event: 85.124 Executing safepoint VM operation: Cleanup
Event: 85.124 Executing safepoint VM operation: Cleanup done

Memory protections (0 events):
No events

Nmethod flushes (20 events):
Event: 84.023 Thread 0x0000028bf5810c20 flushing  nmethod 0x0000028b808d9290
Event: 84.023 Thread 0x0000028bf5810c20 flushing  nmethod 0x0000028b80909d90
Event: 84.023 Thread 0x0000028bf5810c20 flushing  nmethod 0x0000028b8090ac90
Event: 84.023 Thread 0x0000028bf5810c20 flushing  nmethod 0x0000028b8090db90
Event: 84.023 Thread 0x0000028bf5810c20 flushing  nmethod 0x0000028b80928b10
Event: 84.023 Thread 0x0000028bf5810c20 flushing  nmethod 0x0000028b8092c190
Event: 84.023 Thread 0x0000028bf5810c20 flushing  nmethod 0x0000028b8092d610
Event: 84.023 Thread 0x0000028bf5810c20 flushing  nmethod 0x0000028b8092e390
Event: 84.023 Thread 0x0000028bf5810c20 flushing  nmethod 0x0000028b8095e890
Event: 84.023 Thread 0x0000028bf5810c20 flushing  nmethod 0x0000028b80963010
Event: 84.023 Thread 0x0000028bf5810c20 flushing  nmethod 0x0000028b80963710
Event: 84.023 Thread 0x0000028bf5810c20 flushing  nmethod 0x0000028b80968390
Event: 84.023 Thread 0x0000028bf5810c20 flushing  nmethod 0x0000028b80968e90
Event: 84.023 Thread 0x0000028bf5810c20 flushing  nmethod 0x0000028b80969310
Event: 84.023 Thread 0x0000028bf5810c20 flushing  nmethod 0x0000028b8096ca10
Event: 84.023 Thread 0x0000028bf5810c20 flushing  nmethod 0x0000028b80985210
Event: 84.023 Thread 0x0000028bf5810c20 flushing  nmethod 0x0000028b80986f10
Event: 84.023 Thread 0x0000028bf5810c20 flushing  nmethod 0x0000028b809b8f10
Event: 84.023 Thread 0x0000028bf5810c20 flushing  nmethod 0x0000028b80a0b010
Event: 84.023 Thread 0x0000028bf5810c20 flushing  nmethod 0x0000028b80a11f10

Events (20 events):
Event: 47.241 Thread 0x0000028bd8383790 Thread exited: 0x0000028bd8383790
Event: 59.843 Thread 0x0000028bd03541e0 Thread added: 0x0000028bd6771690
Event: 59.843 Thread 0x0000028bd03541e0 Thread added: 0x0000028bd676fb50
Event: 60.858 Thread 0x0000028bd676fb50 Thread exited: 0x0000028bd676fb50
Event: 61.320 Thread 0x0000028bd6771690 Thread exited: 0x0000028bd6771690
Event: 61.436 Thread 0x0000028bd03541e0 Thread added: 0x0000028bd676edb0
Event: 61.462 Thread 0x0000028bd03541e0 Thread added: 0x0000028bd676f480
Event: 62.123 Thread 0x0000028bd676f480 Thread exited: 0x0000028bd676f480
Event: 64.479 Thread 0x0000028bd676edb0 Thread exited: 0x0000028bd676edb0
Event: 83.978 Thread 0x0000028bdad6cd00 Thread exited: 0x0000028bdad6cd00
Event: 84.103 Thread 0x0000028bd03fb190 Thread added: 0x0000028bdad6e0b0
Event: 84.105 Thread 0x0000028bd03fb190 Thread added: 0x0000028bdad6bfe0
Event: 84.130 Thread 0x0000028bdad6bfe0 Thread exited: 0x0000028bdad6bfe0
Event: 84.134 Thread 0x0000028bd03fb190 Thread added: 0x0000028bdad6bfe0
Event: 84.653 Thread 0x0000028bd03fb190 Thread added: 0x0000028bdad6e740
Event: 84.658 Thread 0x0000028bd03fb190 Thread added: 0x0000028bdad6edd0
Event: 84.693 Thread 0x0000028bdad6edd0 Thread exited: 0x0000028bdad6edd0
Event: 84.695 Thread 0x0000028bd03fb190 Thread added: 0x0000028bdad6edd0
Event: 84.699 Thread 0x0000028bd03fb190 Thread added: 0x0000028bdad6c670
Event: 84.825 Thread 0x0000028bd03541e0 Thread added: 0x0000028bd6771690


Dynamic libraries:
0x00007ff665610000 - 0x00007ff66561e000 	c:\Users\passb\.vscode\extensions\redhat.java-1.54.0-win32-x64\jre\21.0.10-win32-x86_64\bin\java.exe
0x00007ffcb25e0000 - 0x00007ffcb2848000 	C:\WINDOWS\SYSTEM32\ntdll.dll
0x00007ffcb12a0000 - 0x00007ffcb1369000 	C:\WINDOWS\System32\KERNEL32.DLL
0x00007ffcaff80000 - 0x00007ffcb0378000 	C:\WINDOWS\System32\KERNELBASE.dll
0x00007ffcaf970000 - 0x00007ffcafabb000 	C:\WINDOWS\System32\ucrtbase.dll
0x00007ffc8f230000 - 0x00007ffc8f24e000 	c:\Users\passb\.vscode\extensions\redhat.java-1.54.0-win32-x64\jre\21.0.10-win32-x86_64\bin\VCRUNTIME140.dll
0x00007ffc7bc30000 - 0x00007ffc7bc48000 	c:\Users\passb\.vscode\extensions\redhat.java-1.54.0-win32-x64\jre\21.0.10-win32-x86_64\bin\jli.dll
0x00007ffcb1530000 - 0x00007ffcb16f7000 	C:\WINDOWS\System32\USER32.dll
0x00007ffcaff50000 - 0x00007ffcaff77000 	C:\WINDOWS\System32\win32u.dll
0x00007ffc926b0000 - 0x00007ffc92944000 	C:\WINDOWS\WinSxS\amd64_microsoft.windows.common-controls_6595b64144ccf1df_6.0.26100.7019_none_3e06ffa0e335b8a8\COMCTL32.dll
0x00007ffcb03e0000 - 0x00007ffcb040b000 	C:\WINDOWS\System32\GDI32.dll
0x00007ffcafc30000 - 0x00007ffcafd5c000 	C:\WINDOWS\System32\gdi32full.dll
0x00007ffcb0600000 - 0x00007ffcb06a9000 	C:\WINDOWS\System32\msvcrt.dll
0x00007ffcafea0000 - 0x00007ffcaff43000 	C:\WINDOWS\System32\msvcp_win.dll
0x00007ffcb1260000 - 0x00007ffcb1291000 	C:\WINDOWS\System32\IMM32.DLL
0x00007ffc903b0000 - 0x00007ffc903bc000 	c:\Users\passb\.vscode\extensions\redhat.java-1.54.0-win32-x64\jre\21.0.10-win32-x86_64\bin\vcruntime140_1.dll
0x00007ffc39d40000 - 0x00007ffc39dcd000 	c:\Users\passb\.vscode\extensions\redhat.java-1.54.0-win32-x64\jre\21.0.10-win32-x86_64\bin\msvcp140.dll
0x00007ffc01bd0000 - 0x00007ffc02971000 	c:\Users\passb\.vscode\extensions\redhat.java-1.54.0-win32-x64\jre\21.0.10-win32-x86_64\bin\server\jvm.dll
0x00007ffcb0530000 - 0x00007ffcb05e4000 	C:\WINDOWS\System32\ADVAPI32.dll
0x00007ffcb08a0000 - 0x00007ffcb0946000 	C:\WINDOWS\System32\sechost.dll
0x00007ffcb0410000 - 0x00007ffcb0528000 	C:\WINDOWS\System32\RPCRT4.dll
0x00007ffcb2360000 - 0x00007ffcb23d4000 	C:\WINDOWS\System32\WS2_32.dll
0x00007ffcaf590000 - 0x00007ffcaf5ee000 	C:\WINDOWS\SYSTEM32\POWRPROF.dll
0x00007ffc9ebe0000 - 0x00007ffc9ebeb000 	C:\WINDOWS\SYSTEM32\VERSION.dll
0x00007ffcabc20000 - 0x00007ffcabc55000 	C:\WINDOWS\SYSTEM32\WINMM.dll
0x00007ffcaf570000 - 0x00007ffcaf584000 	C:\WINDOWS\SYSTEM32\UMPDC.dll
0x00007ffcae4f0000 - 0x00007ffcae50b000 	C:\WINDOWS\SYSTEM32\kernel.appcore.dll
0x00007ffc901f0000 - 0x00007ffc901fa000 	c:\Users\passb\.vscode\extensions\redhat.java-1.54.0-win32-x64\jre\21.0.10-win32-x86_64\bin\jimage.dll
0x00007ffcacd80000 - 0x00007ffcacfc2000 	C:\WINDOWS\SYSTEM32\DBGHELP.DLL
0x00007ffcb0950000 - 0x00007ffcb0cdb000 	C:\WINDOWS\System32\combase.dll
0x00007ffcb13c0000 - 0x00007ffcb1497000 	C:\WINDOWS\System32\OLEAUT32.dll
0x00007ffc8e0c0000 - 0x00007ffc8e0fc000 	C:\WINDOWS\SYSTEM32\dbgcore.DLL
0x00007ffcafdf0000 - 0x00007ffcafe95000 	C:\WINDOWS\System32\bcryptPrimitives.dll
0x00007ffc90180000 - 0x00007ffc9018f000 	c:\Users\passb\.vscode\extensions\redhat.java-1.54.0-win32-x64\jre\21.0.10-win32-x86_64\bin\instrument.dll
0x00007ffc71210000 - 0x00007ffc71230000 	c:\Users\passb\.vscode\extensions\redhat.java-1.54.0-win32-x64\jre\21.0.10-win32-x86_64\bin\java.dll
0x00007ffcb1b50000 - 0x00007ffcb229f000 	C:\WINDOWS\System32\SHELL32.dll
0x00007ffcafac0000 - 0x00007ffcafc2b000 	C:\WINDOWS\System32\wintypes.dll
0x00007ffcad350000 - 0x00007ffcadbad000 	C:\WINDOWS\SYSTEM32\windows.storage.dll
0x00007ffcb19e0000 - 0x00007ffcb1ad2000 	C:\WINDOWS\System32\SHCORE.dll
0x00007ffcb1ae0000 - 0x00007ffcb1b47000 	C:\WINDOWS\System32\shlwapi.dll
0x00007ffcaf650000 - 0x00007ffcaf679000 	C:\WINDOWS\SYSTEM32\profapi.dll
0x00007ffc70d20000 - 0x00007ffc70d38000 	c:\Users\passb\.vscode\extensions\redhat.java-1.54.0-win32-x64\jre\21.0.10-win32-x86_64\bin\zip.dll
0x00007ffc8ff10000 - 0x00007ffc8ff20000 	C:\Users\passb\.vscode\extensions\redhat.java-1.54.0-win32-x64\jre\21.0.10-win32-x86_64\bin\net.dll
0x00007ffca8130000 - 0x00007ffca8258000 	C:\WINDOWS\SYSTEM32\WINHTTP.dll
0x00007ffcaea60000 - 0x00007ffcaeacb000 	C:\WINDOWS\system32\mswsock.dll
0x00007ffc6cfd0000 - 0x00007ffc6cfe6000 	C:\Users\passb\.vscode\extensions\redhat.java-1.54.0-win32-x64\jre\21.0.10-win32-x86_64\bin\nio.dll
0x00007ffc8f270000 - 0x00007ffc8f280000 	c:\Users\passb\.vscode\extensions\redhat.java-1.54.0-win32-x64\jre\21.0.10-win32-x86_64\bin\verify.dll
0x00007ffc40cc0000 - 0x00007ffc40d05000 	C:\Users\passb\AppData\Roaming\Code\User\globalStorage\redhat.java\1.54.0\config_win\org.eclipse.equinox.launcher\org.eclipse.equinox.launcher.win32.win32.x86_64_1.3.0.v20260203-2149\eclipse_11919.dll
0x00007ffcb23e0000 - 0x00007ffcb2577000 	C:\WINDOWS\System32\ole32.dll
0x00007ffc74e00000 - 0x00007ffc74e0a000 	C:\Users\passb\.vscode\extensions\redhat.java-1.54.0-win32-x64\jre\21.0.10-win32-x86_64\bin\management.dll
0x00007ffc70fc0000 - 0x00007ffc70fcc000 	C:\Users\passb\.vscode\extensions\redhat.java-1.54.0-win32-x64\jre\21.0.10-win32-x86_64\bin\management_ext.dll
0x00007ffcb2340000 - 0x00007ffcb2348000 	C:\WINDOWS\System32\PSAPI.DLL
0x00007ffcaed20000 - 0x00007ffcaed3b000 	C:\WINDOWS\SYSTEM32\CRYPTSP.dll
0x00007ffcae450000 - 0x00007ffcae48a000 	C:\WINDOWS\system32\rsaenh.dll
0x00007ffcaeb10000 - 0x00007ffcaeb3b000 	C:\WINDOWS\SYSTEM32\USERENV.dll
0x00007ffcaf620000 - 0x00007ffcaf64a000 	C:\WINDOWS\SYSTEM32\bcrypt.dll
0x00007ffcaed40000 - 0x00007ffcaed4c000 	C:\WINDOWS\SYSTEM32\CRYPTBASE.dll
0x00007ffcae030000 - 0x00007ffcae064000 	C:\WINDOWS\SYSTEM32\IPHLPAPI.DLL
0x00007ffcb2350000 - 0x00007ffcb235a000 	C:\WINDOWS\System32\NSI.dll
0x00007ffc3c980000 - 0x00007ffc3c9c9000 	C:\Users\passb\AppData\Local\Temp\jna-106438257\jna2551553483292190330.dll
0x00007ffca8430000 - 0x00007ffca844e000 	C:\WINDOWS\SYSTEM32\dhcpcsvc6.DLL
0x00007ffca8380000 - 0x00007ffca83a3000 	C:\WINDOWS\SYSTEM32\dhcpcsvc.DLL
0x00007ffc84b60000 - 0x00007ffc84b6e000 	C:\Users\passb\.vscode\extensions\redhat.java-1.54.0-win32-x64\jre\21.0.10-win32-x86_64\bin\sunmscapi.dll
0x00007ffcaf730000 - 0x00007ffcaf8a7000 	C:\WINDOWS\System32\CRYPT32.dll
0x00007ffcaef40000 - 0x00007ffcaef70000 	C:\WINDOWS\SYSTEM32\ncrypt.dll
0x00007ffcaeef0000 - 0x00007ffcaef2f000 	C:\WINDOWS\SYSTEM32\NTASN1.dll
0x00007ffcae070000 - 0x00007ffcae19c000 	C:\WINDOWS\SYSTEM32\DNSAPI.dll
0x00007ffca5600000 - 0x00007ffca560b000 	C:\Windows\System32\rasadhlp.dll
0x00007ffca8c50000 - 0x00007ffca8cd6000 	C:\WINDOWS\System32\fwpuclnt.dll
0x00007ffc75ff0000 - 0x00007ffc75ff9000 	C:\Users\passb\.vscode\extensions\redhat.java-1.54.0-win32-x64\jre\21.0.10-win32-x86_64\bin\extnet.dll
0x00007ffc51f10000 - 0x00007ffc51f37000 	C:\Users\passb\.gradle\native\660c5614fbf4a5f2a75b1949f50a0caf5cd603558e7d8a26e50b933a0cfb79d1\windows-amd64\native-platform.dll

JVMTI agents:
c:\Users\passb\.vscode\extensions\redhat.java-1.54.0-win32-x64\lombok\lombok-1.18.39-4050.jar path:c:\Users\passb\.vscode\extensions\redhat.java-1.54.0-win32-x64\jre\21.0.10-win32-x86_64\bin\instrument.dll, loaded, initialized, instrumentlib options:none

dbghelp: loaded successfully - version: 4.0.5 - missing functions: none
symbol engine: initialized successfully - sym options: 0x614 - pdb path: .;c:\Users\passb\.vscode\extensions\redhat.java-1.54.0-win32-x64\jre\21.0.10-win32-x86_64\bin;C:\WINDOWS\SYSTEM32;C:\WINDOWS\WinSxS\amd64_microsoft.windows.common-controls_6595b64144ccf1df_6.0.26100.7019_none_3e06ffa0e335b8a8;c:\Users\passb\.vscode\extensions\redhat.java-1.54.0-win32-x64\jre\21.0.10-win32-x86_64\bin\server;C:\Users\passb\AppData\Roaming\Code\User\globalStorage\redhat.java\1.54.0\config_win\org.eclipse.equinox.launcher\org.eclipse.equinox.launcher.win32.win32.x86_64_1.3.0.v20260203-2149;C:\Users\passb\AppData\Local\Temp\jna-106438257;C:\Users\passb\.gradle\native\660c5614fbf4a5f2a75b1949f50a0caf5cd603558e7d8a26e50b933a0cfb79d1\windows-amd64

VM Arguments:
jvm_args: --add-modules=ALL-SYSTEM --add-opens=java.base/java.util=ALL-UNNAMED --add-opens=java.base/java.lang=ALL-UNNAMED --add-opens=java.base/sun.nio.fs=ALL-UNNAMED -Declipse.application=org.eclipse.jdt.ls.core.id1 -Dosgi.bundles.defaultStartLevel=4 -Declipse.product=org.eclipse.jdt.ls.core.product -Djava.import.generatesMetadataFilesAtProjectRoot=false -DDetectVMInstallationsJob.disabled=true -Dfile.encoding=utf8 -XX:+UseParallelGC -XX:GCTimeRatio=4 -XX:AdaptiveSizePolicyWeight=90 -Dsun.zip.disableMemoryMapping=true -Xmx2G -Xms100m -Xlog:disable -javaagent:c:\Users\passb\.vscode\extensions\redhat.java-1.54.0-win32-x64\lombok\lombok-1.18.39-4050.jar -XX:+HeapDumpOnOutOfMemoryError -XX:HeapDumpPath=c:\Users\passb\AppData\Roaming\Code\User\workspaceStorage\3b1f52613bf0c0d02e4d85f071ae11aa\redhat.java -Daether.dependencyCollector.impl=bf 
java_command: c:\Users\passb\.vscode\extensions\redhat.java-1.54.0-win32-x64\server\plugins\org.eclipse.equinox.launcher_1.7.100.v20251111-0406.jar -configuration c:\Users\passb\AppData\Roaming\Code\User\globalStorage\redhat.java\1.54.0\config_win -data c:\Users\passb\AppData\Roaming\Code\User\workspaceStorage\3b1f52613bf0c0d02e4d85f071ae11aa\redhat.java\jdt_ws --pipe=\\.\pipe\lsp-70b6dd4b4524fd7006d093e8492538aa-sock
java_class_path (initial): c:\Users\passb\.vscode\extensions\redhat.java-1.54.0-win32-x64\server\plugins\org.eclipse.equinox.launcher_1.7.100.v20251111-0406.jar
Launcher Type: SUN_STANDARD

[Global flags]
    uintx AdaptiveSizePolicyWeight                 = 90                                        {product} {command line}
     intx CICompilerCount                          = 4                                         {product} {ergonomic}
    uintx GCTimeRatio                              = 4                                         {product} {command line}
     bool HeapDumpOnOutOfMemoryError               = true                                   {manageable} {command line}
    ccstr HeapDumpPath                             = c:\Users\passb\AppData\Roaming\Code\User\workspaceStorage\3b1f52613bf0c0d02e4d85f071ae11aa\redhat.java         {manageable} {command line}
   size_t InitialHeapSize                          = 104857600                                 {product} {command line}
   size_t MaxHeapSize                              = 2147483648                                {product} {command line}
   size_t MaxNewSize                               = 715653120                                 {product} {ergonomic}
   size_t MinHeapDeltaBytes                        = 524288                                    {product} {ergonomic}
   size_t MinHeapSize                              = 104857600                                 {product} {command line}
   size_t NewSize                                  = 34603008                                  {product} {ergonomic}
    uintx NonNMethodCodeHeapSize                   = 5839372                                {pd product} {ergonomic}
    uintx NonProfiledCodeHeapSize                  = 122909434                              {pd product} {ergonomic}
   size_t OldSize                                  = 70254592                                  {product} {ergonomic}
    uintx ProfiledCodeHeapSize                     = 122909434                              {pd product} {ergonomic}
    uintx ReservedCodeCacheSize                    = 251658240                              {pd product} {ergonomic}
     bool SegmentedCodeCache                       = true                                      {product} {ergonomic}
   size_t SoftMaxHeapSize                          = 2147483648                             {manageable} {ergonomic}
     bool UseCompressedOops                        = true                           {product lp64_product} {ergonomic}
     bool UseLargePagesIndividualAllocation        = false                                  {pd product} {ergonomic}
     bool UseParallelGC                            = true                                      {product} {command line}

Logging:
Log output configuration:
 #0: stdout all=off uptime,level,tags foldmultilines=false
 #1: stderr all=off uptime,level,tags foldmultilines=false

Release file:
JAVA_VERSION="21.0.10" 
MODULES="java.base java.compiler java.datatransfer java.xml java.prefs java.desktop java.instrument java.logging java.management java.security.sasl java.naming java.rmi java.management.rmi java.net.http java.scripting java.security.jgss java.transaction.xa java.sql java.sql.rowset java.xml.crypto java.se java.smartcardio jdk.accessibility jdk.internal.jvmstat jdk.attach jdk.charsets jdk.internal.opt jdk.zipfs jdk.compiler jdk.crypto.ec jdk.crypto.cryptoki jdk.crypto.mscapi jdk.dynalink jdk.internal.ed jdk.editpad jdk.hotspot.agent jdk.httpserver jdk.internal.le jdk.internal.vm.ci jdk.internal.vm.compiler jdk.internal.vm.compiler.management jdk.jartool jdk.javadoc jdk.jcmd jdk.management jdk.management.agent jdk.jconsole jdk.jdeps jdk.jdwp.agent jdk.jdi jdk.jfr jdk.jshell jdk.jsobject jdk.jstatd jdk.localedata jdk.management.jfr jdk.naming.dns jdk.naming.rmi jdk.net jdk.nio.mapmode jdk.random jdk.sctp jdk.security.auth jdk.security.jgss jdk.unsupported jdk.unsupported.desktop jdk.xml.dom" 

Environment Variables:
JAVA_HOME=C:\Program Files\Java\jdk-21
PATH=C:\Program Files\Java\jdk-17\bin;C:\Program Files\Common Files\Oracle\Java\javapath;C:\Program Files (x86)\Common Files\Oracle\Java\javapath;C:\Windows\system32;C:\Windows;C:\Windows\System32\Wbem;C:\Windows\System32\WindowsPowerShell\v1.0\;C:\Windows\System32\OpenSSH\;C:\Program Files (x86)\NVIDIA Corporation\PhysX\Common;C:\Program Files\NVIDIA Corporation\NVIDIA NvDLISR;C:\C++ New\w64devkit-1.23.0\w64devkit\bin;C:\Program Files\Java\jdk-17;C:\WINDOWS\system32;C:\WINDOWS;C:\WINDOWS\System32\Wbem;C:\WINDOWS\System32\WindowsPowerShell\v1.0\;C:\WINDOWS\System32\OpenSSH\;C:\Program Files\Git\cmd;C:\Program Files\Google\Chrome\Application;C:\Program Files\nodejs\;C:\xampp\php;C:\ProgramData\ComposerSetup\bin;C:\Users\passb\AppData\Local\Android\Sdk\platform-tools;C:\Program Files\Microsoft SQL Server\170\Tools\Binn\;C:\Program Files\Microsoft SQL Server\Client SDK\ODBC\170\Tools\Binn\;C:\Program Files\dotnet\;C:\Program Files\cursor\resources\app\bin;C:\Program Files (x86)\Bitvise SSH Client;C:\Users\passb\AppData\Local\Programs\Python\Python313\Scripts\;C:\Users\passb\AppData\Local\Programs\Python\Python313\;C:\Users\passb\AppData\Local\Programs\Python\Launcher\;C:\Users\passb\AppData\Local\Microsoft\WindowsApps;C:\Users\passb\AppData\Local\Programs\Microsoft VS Code\bin;C:\Program Files\JetBrains\IntelliJ IDEA Community Edition 2024.2.2\bin;;C:\Users\passb\AppData\Roaming\npm;C:\Users\passb\AppData\Roaming\Composer\vendor\bin;C:\Users\passb\AppData\Local\Android\Sdk\platform-tools;C:\Users\passb\.dotnet\tools;C:\Program Files\JetBrains\IntelliJ IDEA 2025.1.3\bin;;C:\Users\passb\AppData\Local\Programs\Antigravity\bin;C:\Users\passb\AppData\Local\Programs\Antigravity IDE\bin
USERNAME=passb
OS=Windows_NT
PROCESSOR_IDENTIFIER=Intel64 Family 6 Model 186 Stepping 3, GenuineIntel
TMP=C:\Users\passb\AppData\Local\Temp
TEMP=C:\Users\passb\AppData\Local\Temp




Periodic native trim disabled

---------------  S Y S T E M  ---------------

OS:
 Windows 11 , 64 bit Build 26100 (10.0.26100.7019)
OS uptime: 0 days 0:44 hours
Hyper-V role detected

CPU: total 12 (initial active 12) (6 cores per cpu, 2 threads per core) family 6 model 186 stepping 3 microcode 0x410e, cx8, cmov, fxsr, ht, mmx, 3dnowpref, sse, sse2, sse3, ssse3, sse4.1, sse4.2, popcnt, lzcnt, tsc, tscinvbit, avx, avx2, aes, erms, clmul, bmi1, bmi2, adx, sha, fma, vzeroupper, clflush, clflushopt, clwb, hv, serialize, rdtscp, rdpid, fsrm, f16c, cet_ibt, cet_ss
Processor Information for the first 12 processors :
  Max Mhz: 1300, Current Mhz: 1300, Mhz Limit: 1300

Memory: 4k page, system-wide physical 7895M (492M free)
TotalPageFile size 15140M (AvailPageFile size 0M)
current process WorkingSet (physical memory assigned to process): 229M, peak: 261M
current process commit charge ("private bytes"): 374M, peak: 378M

vm_info: OpenJDK 64-Bit Server VM (21.0.10+7-LTS) for windows-amd64 JRE (21.0.10+7-LTS), built on 2026-01-20T00:00:00Z by "admin" with MS VC++ 17.12 (VS2022)

END.
